// Jest Snapshot v1, https://goo.gl/fbAQLP

exports[`default background 1`] = `
.emotion-0 {
  box-sizing: border-box;
  margin: 0;
  min-width: 0;
  display: -webkit-box;
  display: -webkit-flex;
  display: -ms-flexbox;
  display: flex;
  height: 100vh;
  -webkit-box-pack: center;
  -ms-flex-pack: center;
  -webkit-justify-content: center;
  justify-content: center;
  -webkit-align-items: center;
  -webkit-box-align: center;
  -ms-flex-align: center;
  align-items: center;
  margin: 0;
  background-image: linear-gradient(
              to right top,
              rgba(0,0,0,0.5),
              rgba(255,255,255,0.5)
            );
  -webkit-background-position: center;
  background-position: center;
  background-repeat: no-repeat;
  -webkit-background-size: cover;
  background-size: cover;
}

<div>
  <div
    class="emotion-0"
  />
  <div
    class="Toastify"
  />
</div>
`;

exports[`default background on mobile 1`] = `
.emotion-0 {
  box-sizing: border-box;
  margin: 0;
  min-width: 0;
  display: -webkit-box;
  display: -webkit-flex;
  display: -ms-flexbox;
  display: flex;
  height: 100vh;
  -webkit-box-pack: center;
  -ms-flex-pack: center;
  -webkit-justify-content: center;
  justify-content: center;
  -webkit-align-items: center;
  -webkit-box-align: center;
  -ms-flex-align: center;
  align-items: center;
  margin: 0;
  background-image: linear-gradient(
              to right top,
              rgba(0,0,0,0.5),
              rgba(255,255,255,0.5)
            );
  -webkit-background-position: center;
  background-position: center;
  background-repeat: no-repeat;
  -webkit-background-size: cover;
  background-size: cover;
}

<div>
  <div
    class="emotion-0"
  />
  <div
    class="Toastify"
  />
</div>
`;

exports[`image background 1`] = `
.emotion-0 {
  box-sizing: border-box;
  margin: 0;
  min-width: 0;
  display: -webkit-box;
  display: -webkit-flex;
  display: -ms-flexbox;
  display: flex;
  height: 100vh;
  -webkit-box-pack: center;
  -ms-flex-pack: center;
  -webkit-justify-content: center;
  justify-content: center;
  -webkit-align-items: center;
  -webkit-box-align: center;
  -ms-flex-align: center;
  align-items: center;
  margin: 0;
  background-image: url("https://source.unsplash.com/random");
  -webkit-background-position: center;
  background-position: center;
  background-repeat: no-repeat;
  -webkit-background-size: cover;
  background-size: cover;
}

<div>
  <div
    class="emotion-0"
  />
  <div
    class="Toastify"
  />
</div>
`;
